bun : $ next build
At line:1 char:1
+ bun run build > 
build_output.txt 2>&1
+ ~~~~~~~~~~~~~~~~~~~~
~~~~~~~~~~~~~~~~~
    + CategoryInfo    
          : NotSpeci  
  fied: ($ next bui   
 ld:String) [], Re    
moteException
    + FullyQualifiedE 
   rrorId : NativeCo  
  mmandError
 
   â–² Next.js 15.2.0

   Creating an optimized production build ...
Failed to compile.

./app/components/home/
CategoryCarousel.tsx
Module not found: 
Can't resolve 
'./ProductCarousel'

https://nextjs.org/doc
s/messages/module-not-
found

./app/components/home/
CategoryCarousel.tsx
Module not found: 
Can't resolve 
'./ui/CategoryCard'

https://nextjs.org/doc
s/messages/module-not-
found

./app/components/home/
PopularSellersSection.
tsx
Module not found: 
Can't resolve 
'./TextImageCanvas'

https://nextjs.org/doc
s/messages/module-not-
found

./app/components/home/
PlatformsSection.tsx
Module not found: 
Can't resolve 
'./TextImageCanvas'

https://nextjs.org/doc
s/messages/module-not-
found

Import trace for 
requested module:
./app/page.tsx

./app/components/home/
PlatformsSection.tsx
Module not found: 
Can't resolve 
'./ProductCarousel'

https://nextjs.org/doc
s/messages/module-not-
found

Import trace for 
requested module:
./app/page.tsx


> Build failed 
because of webpack 
errors
error: script "build" 
exited with code 1
